MPLINK 5.08, LINKER
Linker Map File - Created Wed Jun 15 20:29:44 2016

                                 Section Info
                  Section       Type    Address   Location Size(Bytes)
                ---------  ---------  ---------  ---------  ---------
                   .org_0       code   0x000000    program   0x000054
                   .cinit    romdata   0x00002a    program   0x000004
.config_2007_BUILD/DEFAULT/PRODUCTION/RX.O       code   0x002007    program   0x000002
.config_2008_BUILD/DEFAULT/PRODUCTION/RX.O       code   0x002008    program   0x000002
                   .udata      udata   0x000022       data   0x000004



                              Program Memory Usage 
                               Start         End      
                           ---------   ---------      
                            0x000000    0x00002b      
                            0x002007    0x002008      
            46 out of 8455 program addresses used, program memory utilization is 0%



                              Symbols - Sorted by Name
                     Name    Address   Location    Storage File                     
                ---------  ---------  ---------  --------- ---------                
                    ERR_O   0x000026    program     static C:\Users\MATTHEW\Desktop\CodigoMPLAB\PuertoSerie.X\RX.asm
                   INICIO   0x000001    program     static C:\Users\MATTHEW\Desktop\CodigoMPLAB\PuertoSerie.X\RX.asm
                     POLL   0x000013    program     static C:\Users\MATTHEW\Desktop\CodigoMPLAB\PuertoSerie.X\RX.asm
                     TEST   0x000020    program     static C:\Users\MATTHEW\Desktop\CodigoMPLAB\PuertoSerie.X\RX.asm
                     DATO   0x000023       data     static C:\Users\MATTHEW\Desktop\CodigoMPLAB\PuertoSerie.X\RX.asm
                    ERR_F   0x000024       data     static C:\Users\MATTHEW\Desktop\CodigoMPLAB\PuertoSerie.X\RX.asm
                   ERR_OR   0x000025       data     static C:\Users\MATTHEW\Desktop\CodigoMPLAB\PuertoSerie.X\RX.asm
                     PORT   0x000022       data     static C:\Users\MATTHEW\Desktop\CodigoMPLAB\PuertoSerie.X\RX.asm



                              Symbols - Sorted by Address
                     Name    Address   Location    Storage File                     
                ---------  ---------  ---------  --------- ---------                
                   INICIO   0x000001    program     static C:\Users\MATTHEW\Desktop\CodigoMPLAB\PuertoSerie.X\RX.asm
                     POLL   0x000013    program     static C:\Users\MATTHEW\Desktop\CodigoMPLAB\PuertoSerie.X\RX.asm
                     TEST   0x000020    program     static C:\Users\MATTHEW\Desktop\CodigoMPLAB\PuertoSerie.X\RX.asm
                    ERR_O   0x000026    program     static C:\Users\MATTHEW\Desktop\CodigoMPLAB\PuertoSerie.X\RX.asm
                     PORT   0x000022       data     static C:\Users\MATTHEW\Desktop\CodigoMPLAB\PuertoSerie.X\RX.asm
                     DATO   0x000023       data     static C:\Users\MATTHEW\Desktop\CodigoMPLAB\PuertoSerie.X\RX.asm
                    ERR_F   0x000024       data     static C:\Users\MATTHEW\Desktop\CodigoMPLAB\PuertoSerie.X\RX.asm
                   ERR_OR   0x000025       data     static C:\Users\MATTHEW\Desktop\CodigoMPLAB\PuertoSerie.X\RX.asm


