MPLINK 5.08, LINKER
Linker Map File - Created Tue Jun 14 17:44:14 2016

                                 Section Info
                  Section       Type    Address   Location Size(Bytes)
                ---------  ---------  ---------  ---------  ---------
                   .org_0       code   0x000000    program   0x000002
                   .cinit    romdata   0x000001    program   0x000004
                   .org_1       code   0x000004    program   0x000086
.config_2007_BUILD/DEFAULT/DEBUG/PRUEBASECLED       code   0x002007    program   0x000002
.config_2008_BUILD/DEFAULT/DEBUG/PRUEBASECLED       code   0x002008    program   0x000002



                              Program Memory Usage 
                               Start         End      
                           ---------   ---------      
                            0x000000    0x000002      
                            0x000004    0x000046      
                            0x002007    0x002008      
            72 out of 8455 program addresses used, program memory utilization is 0%



                              Symbols - Sorted by Name
                     Name    Address   Location    Storage File                     
                ---------  ---------  ---------  --------- ---------                
                    BUCLE   0x000022    program     static D:\Matt\Facultad\4° Año\Electrónica Digital II\ElectDigII_TrabajoFinal_Cubo4x4x4\CodigoMPLAB\PruebaSecuenciaLed1x1.X\pruebaSecLed1x1.asm
                CleanPiso   0x000045    program     static D:\Matt\Facultad\4° Año\Electrónica Digital II\ElectDigII_TrabajoFinal_Cubo4x4x4\CodigoMPLAB\PruebaSecuenciaLed1x1.X\pruebaSecLed1x1.asm
                      ISR   0x00001f    program     static D:\Matt\Facultad\4° Año\Electrónica Digital II\ElectDigII_TrabajoFinal_Cubo4x4x4\CodigoMPLAB\PruebaSecuenciaLed1x1.X\pruebaSecLed1x1.asm
                   Inicio   0x000005    program     static D:\Matt\Facultad\4° Año\Electrónica Digital II\ElectDigII_TrabajoFinal_Cubo4x4x4\CodigoMPLAB\PruebaSecuenciaLed1x1.X\pruebaSecLed1x1.asm
                    Loop1   0x00001d    program     static D:\Matt\Facultad\4° Año\Electrónica Digital II\ElectDigII_TrabajoFinal_Cubo4x4x4\CodigoMPLAB\PruebaSecuenciaLed1x1.X\pruebaSecLed1x1.asm
              SelectLedOn   0x00003b    program     static D:\Matt\Facultad\4° Año\Electrónica Digital II\ElectDigII_TrabajoFinal_Cubo4x4x4\CodigoMPLAB\PruebaSecuenciaLed1x1.X\pruebaSecLed1x1.asm
               SelectPiso   0x000035    program     static D:\Matt\Facultad\4° Año\Electrónica Digital II\ElectDigII_TrabajoFinal_Cubo4x4x4\CodigoMPLAB\PruebaSecuenciaLed1x1.X\pruebaSecLed1x1.asm
                   Volver   0x000034    program     static D:\Matt\Facultad\4° Año\Electrónica Digital II\ElectDigII_TrabajoFinal_Cubo4x4x4\CodigoMPLAB\PruebaSecuenciaLed1x1.X\pruebaSecLed1x1.asm
                    sigue   0x00002d    program     static D:\Matt\Facultad\4° Año\Electrónica Digital II\ElectDigII_TrabajoFinal_Cubo4x4x4\CodigoMPLAB\PruebaSecuenciaLed1x1.X\pruebaSecLed1x1.asm



                              Symbols - Sorted by Address
                     Name    Address   Location    Storage File                     
                ---------  ---------  ---------  --------- ---------                
                   Inicio   0x000005    program     static D:\Matt\Facultad\4° Año\Electrónica Digital II\ElectDigII_TrabajoFinal_Cubo4x4x4\CodigoMPLAB\PruebaSecuenciaLed1x1.X\pruebaSecLed1x1.asm
                    Loop1   0x00001d    program     static D:\Matt\Facultad\4° Año\Electrónica Digital II\ElectDigII_TrabajoFinal_Cubo4x4x4\CodigoMPLAB\PruebaSecuenciaLed1x1.X\pruebaSecLed1x1.asm
                      ISR   0x00001f    program     static D:\Matt\Facultad\4° Año\Electrónica Digital II\ElectDigII_TrabajoFinal_Cubo4x4x4\CodigoMPLAB\PruebaSecuenciaLed1x1.X\pruebaSecLed1x1.asm
                    BUCLE   0x000022    program     static D:\Matt\Facultad\4° Año\Electrónica Digital II\ElectDigII_TrabajoFinal_Cubo4x4x4\CodigoMPLAB\PruebaSecuenciaLed1x1.X\pruebaSecLed1x1.asm
                    sigue   0x00002d    program     static D:\Matt\Facultad\4° Año\Electrónica Digital II\ElectDigII_TrabajoFinal_Cubo4x4x4\CodigoMPLAB\PruebaSecuenciaLed1x1.X\pruebaSecLed1x1.asm
                   Volver   0x000034    program     static D:\Matt\Facultad\4° Año\Electrónica Digital II\ElectDigII_TrabajoFinal_Cubo4x4x4\CodigoMPLAB\PruebaSecuenciaLed1x1.X\pruebaSecLed1x1.asm
               SelectPiso   0x000035    program     static D:\Matt\Facultad\4° Año\Electrónica Digital II\ElectDigII_TrabajoFinal_Cubo4x4x4\CodigoMPLAB\PruebaSecuenciaLed1x1.X\pruebaSecLed1x1.asm
              SelectLedOn   0x00003b    program     static D:\Matt\Facultad\4° Año\Electrónica Digital II\ElectDigII_TrabajoFinal_Cubo4x4x4\CodigoMPLAB\PruebaSecuenciaLed1x1.X\pruebaSecLed1x1.asm
                CleanPiso   0x000045    program     static D:\Matt\Facultad\4° Año\Electrónica Digital II\ElectDigII_TrabajoFinal_Cubo4x4x4\CodigoMPLAB\PruebaSecuenciaLed1x1.X\pruebaSecLed1x1.asm


