MPLINK 5.08, LINKER
Linker Map File - Created Wed Jun 15 20:46:52 2016

                                 Section Info
                  Section       Type    Address   Location Size(Bytes)
                ---------  ---------  ---------  ---------  ---------
                   .org_0       code   0x000000    program   0x000002
                   .cinit    romdata   0x000001    program   0x000004
                   .org_1       code   0x000004    program   0x000060
.config_2007_BUILD/DEFAULT/DEBUG/PRUEBATODOCU       code   0x002007    program   0x000002
.config_2008_BUILD/DEFAULT/DEBUG/PRUEBATODOCU       code   0x002008    program   0x000002



                              Program Memory Usage 
                               Start         End      
                           ---------   ---------      
                            0x000000    0x000002      
                            0x000004    0x000033      
                            0x002007    0x002008      
            53 out of 8455 program addresses used, program memory utilization is 0%



                              Symbols - Sorted by Name
                     Name    Address   Location    Storage File                     
                ---------  ---------  ---------  --------- ---------                
                      ISR   0x00001e    program     static D:\Matt\Facultad\4_Año\Electrónica_Digital_II\ElectDigII_TrabajoFinal_Cubo4x4x4\CodigoMPLAB\PruebaTodoCubo.X\PruebaTodoCubo.asm
                   Inicio   0x000005    program     static D:\Matt\Facultad\4_Año\Electrónica_Digital_II\ElectDigII_TrabajoFinal_Cubo4x4x4\CodigoMPLAB\PruebaTodoCubo.X\PruebaTodoCubo.asm
                    Loop1   0x00001c    program     static D:\Matt\Facultad\4_Año\Electrónica_Digital_II\ElectDigII_TrabajoFinal_Cubo4x4x4\CodigoMPLAB\PruebaTodoCubo.X\PruebaTodoCubo.asm
               SelectPiso   0x00002e    program     static D:\Matt\Facultad\4_Año\Electrónica_Digital_II\ElectDigII_TrabajoFinal_Cubo4x4x4\CodigoMPLAB\PruebaTodoCubo.X\PruebaTodoCubo.asm
                   Volver   0x00002b    program     static D:\Matt\Facultad\4_Año\Electrónica_Digital_II\ElectDigII_TrabajoFinal_Cubo4x4x4\CodigoMPLAB\PruebaTodoCubo.X\PruebaTodoCubo.asm



                              Symbols - Sorted by Address
                     Name    Address   Location    Storage File                     
                ---------  ---------  ---------  --------- ---------                
                   Inicio   0x000005    program     static D:\Matt\Facultad\4_Año\Electrónica_Digital_II\ElectDigII_TrabajoFinal_Cubo4x4x4\CodigoMPLAB\PruebaTodoCubo.X\PruebaTodoCubo.asm
                    Loop1   0x00001c    program     static D:\Matt\Facultad\4_Año\Electrónica_Digital_II\ElectDigII_TrabajoFinal_Cubo4x4x4\CodigoMPLAB\PruebaTodoCubo.X\PruebaTodoCubo.asm
                      ISR   0x00001e    program     static D:\Matt\Facultad\4_Año\Electrónica_Digital_II\ElectDigII_TrabajoFinal_Cubo4x4x4\CodigoMPLAB\PruebaTodoCubo.X\PruebaTodoCubo.asm
                   Volver   0x00002b    program     static D:\Matt\Facultad\4_Año\Electrónica_Digital_II\ElectDigII_TrabajoFinal_Cubo4x4x4\CodigoMPLAB\PruebaTodoCubo.X\PruebaTodoCubo.asm
               SelectPiso   0x00002e    program     static D:\Matt\Facultad\4_Año\Electrónica_Digital_II\ElectDigII_TrabajoFinal_Cubo4x4x4\CodigoMPLAB\PruebaTodoCubo.X\PruebaTodoCubo.asm


